#-----------------------------------------------------------
# Vivado v2023.1 (64-bit)
# SW Build 3865809 on Sun May  7 15:05:29 MDT 2023
# IP Build 3864474 on Sun May  7 20:36:21 MDT 2023
# SharedData Build 3865790 on Sun May 07 13:33:03 MDT 2023
# Start of session at: Mon May 11 19:36:48 2026
# Process ID: 16856
# Current directory: C:/Users/kc10b/Vivado/ECE520L/lab5/spi_cs_ctrl
# Command line: vivado.exe -gui_launcher_event rodinguilauncherevent11868 C:\Users\kc10b\Vivado\ECE520L\lab5\spi_cs_ctrl\spi_cs_ctrl.xpr
# Log file: C:/Users/kc10b/Vivado/ECE520L/lab5/spi_cs_ctrl/vivado.log
# Journal file: C:/Users/kc10b/Vivado/ECE520L/lab5/spi_cs_ctrl\vivado.jou
# Running On: Keitaro, OS: Windows, CPU Frequency: 2611 MHz, CPU Physical cores: 12, Host memory: 16907 MB
#-----------------------------------------------------------
start_gui
open_project C:/Users/kc10b/Vivado/ECE520L/lab5/spi_cs_ctrl/spi_cs_ctrl.xpr
WARNING: [Board 49-26] cannot add Board Part xilinx.com:vek280_es:part0:1.0 available at C:/Xilinx/Vivado/2023.1/data/xhub/boards/XilinxBoardStore/boards/Xilinx/vek280/es/rev_a/1.0/board.xml as part xcve2802-vsvh1760-2lp-e-s-es1 specified in board_part file is either invalid or not available
WARNING: [Board 49-26] cannot add Board Part xilinx.com:vek280_es:part0:1.1 available at C:/Xilinx/Vivado/2023.1/data/xhub/boards/XilinxBoardStore/boards/Xilinx/vek280/es/rev_a/1.1/board.xml as part xcve2802-vsvh1760-2lp-e-s-es1 specified in board_part file is either invalid or not available
WARNING: [Board 49-26] cannot add Board Part xilinx.com:vek280_es_revb:part0:1.0 available at C:/Xilinx/Vivado/2023.1/data/xhub/boards/XilinxBoardStore/boards/Xilinx/vek280/es/rev_b/1.0/board.xml as part xcve2802-vsvh1760-2mp-e-s-es1 specified in board_part file is either invalid or not available
WARNING: [Board 49-26] cannot add Board Part xilinx.com:vek280_es_revb:part0:1.1 available at C:/Xilinx/Vivado/2023.1/data/xhub/boards/XilinxBoardStore/boards/Xilinx/vek280/es/rev_b/1.1/board.xml as part xcve2802-vsvh1760-2mp-e-s-es1 specified in board_part file is either invalid or not available
WARNING: [Board 49-26] cannot add Board Part xilinx.com:vhk158_es:part0:1.0 available at C:/Xilinx/Vivado/2023.1/data/xhub/boards/XilinxBoardStore/boards/Xilinx/vhk158/es/1.0/board.xml as part xcvh1582-vsva3697-2mp-e-s-es1 specified in board_part file is either invalid or not available
WARNING: [Board 49-26] cannot add Board Part xilinx.com:vhk158_es:part0:1.1 available at C:/Xilinx/Vivado/2023.1/data/xhub/boards/XilinxBoardStore/boards/Xilinx/vhk158/es/1.1/board.xml as part xcvh1582-vsva3697-2mp-e-s-es1 specified in board_part file is either invalid or not available
WARNING: [Board 49-26] cannot add Board Part xilinx.com:vpk120_es:part0:1.2 available at C:/Xilinx/Vivado/2023.1/data/xhub/boards/XilinxBoardStore/boards/Xilinx/vpk120/es/1.2/board.xml as part xcvp1202-vsva2785-2mp-e-s-es1 specified in board_part file is either invalid or not available
WARNING: [Board 49-26] cannot add Board Part xilinx.com:vpk120_es:part0:1.3 available at C:/Xilinx/Vivado/2023.1/data/xhub/boards/XilinxBoardStore/boards/Xilinx/vpk120/es/1.3/board.xml as part xcvp1202-vsva2785-2mp-e-s-es1 specified in board_part file is either invalid or not available
WARNING: [Board 49-26] cannot add Board Part xilinx.com:vpk120_es_revb:part0:1.0 available at C:/Xilinx/Vivado/2023.1/data/xhub/boards/XilinxBoardStore/boards/Xilinx/vpk120_revb/es/1.0/board.xml as part xcvp1202-vsva2785-2mp-e-s-es1 specified in board_part file is either invalid or not available
WARNING: [Board 49-26] cannot add Board Part xilinx.com:vpk120_es_revb:part0:1.1 available at C:/Xilinx/Vivado/2023.1/data/xhub/boards/XilinxBoardStore/boards/Xilinx/vpk120_revb/es/1.1/board.xml as part xcvp1202-vsva2785-2mp-e-s-es1 specified in board_part file is either invalid or not available
WARNING: [Board 49-26] cannot add Board Part xilinx.com:vpk180_es:part0:1.0 available at C:/Xilinx/Vivado/2023.1/data/xhub/boards/XilinxBoardStore/boards/Xilinx/vpk180/es/1.0/board.xml as part xcvp1802-lsvc4072-2mp-e-s-es1 specified in board_part file is either invalid or not available
WARNING: [Board 49-26] cannot add Board Part xilinx.com:vpk180_es:part0:1.1 available at C:/Xilinx/Vivado/2023.1/data/xhub/boards/XilinxBoardStore/boards/Xilinx/vpk180/es/1.1/board.xml as part xcvp1802-lsvc4072-2mp-e-s-es1 specified in board_part file is either invalid or not available
WARNING: [Board 49-26] cannot add Board Part xilinx.com:zcu208ld:part0:2.0 available at C:/Xilinx/Vivado/2023.1/data/xhub/boards/XilinxBoardStore/boards/Xilinx/zcu208ld/production/2.0/board.xml as part xczu58dr-fsvg1517-2-i specified in board_part file is either invalid or not available
WARNING: [Board 49-26] cannot add Board Part xilinx.com:zcu216ld:part0:2.0 available at C:/Xilinx/Vivado/2023.1/data/xhub/boards/XilinxBoardStore/boards/Xilinx/zcu216ld/production/2.0/board.xml as part xczu59dr-ffvf1760-2-i specified in board_part file is either invalid or not available
WARNING: [Board 49-26] cannot add Board Part xilinx.com:zcu670:part0:2.0 available at C:/Xilinx/Vivado/2023.1/data/xhub/boards/XilinxBoardStore/boards/Xilinx/zcu670/2.0/board.xml as part xczu67dr-fsve1156-2-i specified in board_part file is either invalid or not available
WARNING: [Board 49-26] cannot add Board Part xilinx.com:zcu670ld:part0:1.0 available at C:/Xilinx/Vivado/2023.1/data/xhub/boards/XilinxBoardStore/boards/Xilinx/zcu670ld/1.0/board.xml as part xczu57dr-fsve1156-2-i specified in board_part file is either invalid or not available
INFO: [filemgmt 56-3] Default IP Output Path : Could not find the directory 'C:/Users/kc10b/Vivado/ECE520L/lab5/spi_cs_ctrl/spi_cs_ctrl.gen/sources_1'.
Scanning sources...
Finished scanning sources
INFO: [IP_Flow 19-234] Refreshing IP repositories
INFO: [IP_Flow 19-1704] No user IP repositories specified
INFO: [IP_Flow 19-2313] Loaded Vivado IP repository 'C:/Xilinx/Vivado/2023.1/data/ip'.
open_project: Time (s): cpu = 00:00:23 ; elapsed = 00:00:11 . Memory (MB): peak = 2544.391 ; gain = 449.270
update_compile_order -fileset sources_1
launch_simulation
Command: launch_simulation 
INFO: [Vivado 12-12493] Simulation top is 'tb_spi_cs_ctrl'
WARNING: [Vivado 12-13340] Unable to auto find GCC executables from simulator install path! (path not set)
INFO: [Vivado 12-5682] Launching behavioral simulation in 'C:/Users/kc10b/Vivado/ECE520L/lab5/spi_cs_ctrl/spi_cs_ctrl.sim/sim_1/behav/xsim'
INFO: [SIM-utils-51] Simulation object is 'sim_1'
INFO: [SIM-utils-72] Using boost library from 'C:/Xilinx/Vivado/2023.1/tps/boost_1_72_0'
INFO: [SIM-utils-54] Inspecting design source files for 'tb_spi_cs_ctrl' in fileset 'sim_1'...
INFO: [USF-XSim-97] Finding global include files...
INFO: [USF-XSim-98] Fetching design files from 'sim_1'...
INFO: [USF-XSim-2] XSim::Compile design
INFO: [USF-XSim-61] Executing 'COMPILE and ANALYZE' step in 'C:/Users/kc10b/Vivado/ECE520L/lab5/spi_cs_ctrl/spi_cs_ctrl.sim/sim_1/behav/xsim'
"xvlog --incr --relax -prj tb_spi_cs_ctrl_vlog.prj"
INFO: [VRFC 10-2263] Analyzing Verilog file "C:/Users/kc10b/Vivado/ECE520L/lab5/spi_cs_ctrl/spi_cs_ctrl.srcs/sources_1/new/spi_cs_ctrl.v" into library xil_defaultlib
INFO: [VRFC 10-311] analyzing module spi_cs_ctrl
INFO: [VRFC 10-2263] Analyzing Verilog file "C:/Users/kc10b/Vivado/ECE520L/lab5/spi_cs_ctrl/spi_cs_ctrl.srcs/sim_1/new/tb_spi_cs_ctrl.v" into library xil_defaultlib
INFO: [VRFC 10-311] analyzing module tb_spi_cs_ctrl
INFO: [USF-XSim-69] 'compile' step finished in '2' seconds
INFO: [USF-XSim-3] XSim::Elaborate design
INFO: [USF-XSim-61] Executing 'ELABORATE' step in 'C:/Users/kc10b/Vivado/ECE520L/lab5/spi_cs_ctrl/spi_cs_ctrl.sim/sim_1/behav/xsim'
"xelab --incr --debug typical --relax --mt 2 -L xil_defaultlib -L unisims_ver -L unimacro_ver -L secureip --snapshot tb_spi_cs_ctrl_behav xil_defaultlib.tb_spi_cs_ctrl xil_defaultlib.glbl -log elaborate.log"
Vivado Simulator v2023.1
Copyright 1986-2022 Xilinx, Inc. All Rights Reserved.
Copyright 2022-2023 Advanced Micro Devices, Inc. All Rights Reserved.
Running: C:/Xilinx/Vivado/2023.1/bin/unwrapped/win64.o/xelab.exe --incr --debug typical --relax --mt 2 -L xil_defaultlib -L unisims_ver -L unimacro_ver -L secureip --snapshot tb_spi_cs_ctrl_behav xil_defaultlib.tb_spi_cs_ctrl xil_defaultlib.glbl -log elaborate.log 
Using 2 slave threads.
Starting static elaboration
Pass Through NonSizing Optimizer
Completed static elaboration
Starting simulation data flow analysis
Completed simulation data flow analysis
Time Resolution for simulation is 1ps
Compiling module xil_defaultlib.spi_cs_ctrl
Compiling module xil_defaultlib.tb_spi_cs_ctrl
Compiling module xil_defaultlib.glbl
Built simulation snapshot tb_spi_cs_ctrl_behav
INFO: [USF-XSim-69] 'elaborate' step finished in '2' seconds
INFO: [USF-XSim-4] XSim::Simulate design
INFO: [USF-XSim-61] Executing 'SIMULATE' step in 'C:/Users/kc10b/Vivado/ECE520L/lab5/spi_cs_ctrl/spi_cs_ctrl.sim/sim_1/behav/xsim'
INFO: [USF-XSim-98] *** Running xsim
   with args "tb_spi_cs_ctrl_behav -key {Behavioral:sim_1:Functional:tb_spi_cs_ctrl} -tclbatch {tb_spi_cs_ctrl.tcl} -log {simulate.log}"
INFO: [USF-XSim-8] Loading simulator feature
Time resolution is 1 ps
source tb_spi_cs_ctrl.tcl
# set curr_wave [current_wave_config]
# if { [string length $curr_wave] == 0 } {
#   if { [llength [get_objects]] > 0} {
#     add_wave /
#     set_property needs_save false [current_wave_config]
#   } else {
#      send_msg_id Add_Wave-1 WARNING "No top level signals found. Simulator will start without a wave window. If you want to open a wave window go to 'File->New Waveform Configuration' or type 'create_wave_config' in the TCL console."
#   }
# }
# run 1000ns
time	clk	rst_n	assert_cs	deassert_cs	cs_n
0	0	0	0		0		x
10000	1	0	0		0		1
20000	0	0	0		0		1
30000	1	1	0		0		1
40000	0	1	0		0		1
50000	1	1	1		0		1
60000	0	1	1		0		1
70000	1	1	0		0		0
80000	0	1	0		0		0
90000	1	1	0		0		0
100000	0	1	0		0		0
110000	1	1	0		0		0
120000	0	1	0		0		0
130000	1	1	0		1		0
140000	0	1	0		1		0
150000	1	1	0		0		1
160000	0	1	0		0		1
170000	1	1	0		0		1
180000	0	1	0		0		1
190000	1	1	0		0		1
200000	0	1	0		0		1
$finish called at time : 210 ns : File "C:/Users/kc10b/Vivado/ECE520L/lab5/spi_cs_ctrl/spi_cs_ctrl.srcs/sim_1/new/tb_spi_cs_ctrl.v" Line 60
INFO: [USF-XSim-96] XSim completed. Design snapshot 'tb_spi_cs_ctrl_behav' loaded.
INFO: [USF-XSim-97] XSim simulation ran for 1000ns
launch_simulation: Time (s): cpu = 00:00:06 ; elapsed = 00:00:08 . Memory (MB): peak = 2617.773 ; gain = 45.102
run 1 us
210000	1	1	0		0		1
220000	0	1	0		0		1
230000	1	1	0		0		1
240000	0	1	0		0		1
250000	1	1	0		0		1
260000	0	1	0		0		1
270000	1	1	0		0		1
280000	0	1	0		0		1
290000	1	1	0		0		1
300000	0	1	0		0		1
310000	1	1	0		0		1
320000	0	1	0		0		1
330000	1	1	0		0		1
340000	0	1	0		0		1
350000	1	1	0		0		1
360000	0	1	0		0		1
370000	1	1	0		0		1
380000	0	1	0		0		1
390000	1	1	0		0		1
400000	0	1	0		0		1
410000	1	1	0		0		1
420000	0	1	0		0		1
430000	1	1	0		0		1
440000	0	1	0		0		1
450000	1	1	0		0		1
460000	0	1	0		0		1
470000	1	1	0		0		1
480000	0	1	0		0		1
490000	1	1	0		0		1
500000	0	1	0		0		1
510000	1	1	0		0		1
520000	0	1	0		0		1
530000	1	1	0		0		1
540000	0	1	0		0		1
550000	1	1	0		0		1
560000	0	1	0		0		1
570000	1	1	0		0		1
580000	0	1	0		0		1
590000	1	1	0		0		1
600000	0	1	0		0		1
610000	1	1	0		0		1
620000	0	1	0		0		1
630000	1	1	0		0		1
640000	0	1	0		0		1
650000	1	1	0		0		1
660000	0	1	0		0		1
670000	1	1	0		0		1
680000	0	1	0		0		1
690000	1	1	0		0		1
700000	0	1	0		0		1
710000	1	1	0		0		1
720000	0	1	0		0		1
730000	1	1	0		0		1
740000	0	1	0		0		1
750000	1	1	0		0		1
760000	0	1	0		0		1
770000	1	1	0		0		1
780000	0	1	0		0		1
790000	1	1	0		0		1
800000	0	1	0		0		1
810000	1	1	0		0		1
820000	0	1	0		0		1
830000	1	1	0		0		1
840000	0	1	0		0		1
850000	1	1	0		0		1
860000	0	1	0		0		1
870000	1	1	0		0		1
880000	0	1	0		0		1
890000	1	1	0		0		1
900000	0	1	0		0		1
910000	1	1	0		0		1
920000	0	1	0		0		1
930000	1	1	0		0		1
940000	0	1	0		0		1
950000	1	1	0		0		1
960000	0	1	0		0		1
970000	1	1	0		0		1
980000	0	1	0		0		1
990000	1	1	0		0		1
1000000	0	1	0		0		1
1010000	1	1	0		0		1
1020000	0	1	0		0		1
1030000	1	1	0		0		1
1040000	0	1	0		0		1
1050000	1	1	0		0		1
1060000	0	1	0		0		1
1070000	1	1	0		0		1
1080000	0	1	0		0		1
1090000	1	1	0		0		1
1100000	0	1	0		0		1
1110000	1	1	0		0		1
1120000	0	1	0		0		1
1130000	1	1	0		0		1
1140000	0	1	0		0		1
1150000	1	1	0		0		1
1160000	0	1	0		0		1
1170000	1	1	0		0		1
1180000	0	1	0		0		1
1190000	1	1	0		0		1
1200000	0	1	0		0		1
1210000	1	1	0		0		1
close_sim
INFO: [Simtcl 6-16] Simulation closed
exit
INFO: [Common 17-206] Exiting Vivado at Mon May 11 19:39:18 2026...
