Time resolution is 1 ps
Time	reset	en	clk_div	rise_en	fall_en
0	0	0	4	x	x
10000	0	0	4	0	0
100000	1	0	4	0	0
140000	1	1	4	0	0
230000	1	1	4	1	0
[250000] RISE pulse detected
250000	1	1	4	0	0
330000	1	1	4	0	1
[350000] FALL pulse detected
350000	1	1	4	0	0
430000	1	1	4	1	0
[450000] RISE pulse detected
450000	1	1	4	0	0
530000	1	1	4	0	1
[550000] FALL pulse detected
550000	1	1	4	0	0
630000	1	1	4	1	0
[650000] RISE pulse detected
650000	1	1	4	0	0
730000	1	1	4	0	1
[750000] FALL pulse detected
750000	1	1	4	0	0
830000	1	1	4	1	0
[850000] RISE pulse detected
850000	1	1	4	0	0
930000	1	1	4	0	1
[950000] FALL pulse detected
950000	1	1	4	0	0
1030000	1	1	4	1	0
[1050000] RISE pulse detected
1050000	1	1	4	0	0
1130000	1	1	4	0	1
1140000	1	1	9	0	1
[1150000] FALL pulse detected
1150000	1	1	9	0	0
1330000	1	1	9	1	0
[1350000] RISE pulse detected
1350000	1	1	9	0	0
1530000	1	1	9	0	1
[1550000] FALL pulse detected
1550000	1	1	9	0	0
1730000	1	1	9	1	0
[1750000] RISE pulse detected
1750000	1	1	9	0	0
1930000	1	1	9	0	1
[1950000] FALL pulse detected
1950000	1	1	9	0	0
2130000	1	1	9	1	0
[2150000] RISE pulse detected
2150000	1	1	9	0	0
2330000	1	1	9	0	1
[2350000] FALL pulse detected
2350000	1	1	9	0	0
2530000	1	1	9	1	0
[2550000] RISE pulse detected
2550000	1	1	9	0	0
2640000	1	0	9	0	0
$finish called at time : 2840 ns : File "C:/Users/kc10b/Vivado/ECE520L/lab5/spi_clk_div/spi_clk_div.srcs/sim_1/new/tb_spi_clk_div.v" Line 63
