#-----------------------------------------------------------
# Vivado v2023.1 (64-bit)
# SW Build 3865809 on Sun May  7 15:05:29 MDT 2023
# IP Build 3864474 on Sun May  7 20:36:21 MDT 2023
# SharedData Build 3865790 on Sun May 07 13:33:03 MDT 2023
# Start of session at: Mon May 11 19:41:27 2026
# Process ID: 20252
# Current directory: C:/Users/kc10b/Vivado/ECE520L/lab5/spi_shift_reg
# Command line: vivado.exe -gui_launcher_event rodinguilauncherevent42988 C:\Users\kc10b\Vivado\ECE520L\lab5\spi_shift_reg\spi_shift_reg.xpr
# Log file: C:/Users/kc10b/Vivado/ECE520L/lab5/spi_shift_reg/vivado.log
# Journal file: C:/Users/kc10b/Vivado/ECE520L/lab5/spi_shift_reg\vivado.jou
# Running On: Keitaro, OS: Windows, CPU Frequency: 2611 MHz, CPU Physical cores: 12, Host memory: 16907 MB
#-----------------------------------------------------------
start_gui
open_project C:/Users/kc10b/Vivado/ECE520L/lab5/spi_shift_reg/spi_shift_reg.xpr
WARNING: [Board 49-26] cannot add Board Part xilinx.com:vek280_es:part0:1.0 available at C:/Xilinx/Vivado/2023.1/data/xhub/boards/XilinxBoardStore/boards/Xilinx/vek280/es/rev_a/1.0/board.xml as part xcve2802-vsvh1760-2lp-e-s-es1 specified in board_part file is either invalid or not available
WARNING: [Board 49-26] cannot add Board Part xilinx.com:vek280_es:part0:1.1 available at C:/Xilinx/Vivado/2023.1/data/xhub/boards/XilinxBoardStore/boards/Xilinx/vek280/es/rev_a/1.1/board.xml as part xcve2802-vsvh1760-2lp-e-s-es1 specified in board_part file is either invalid or not available
WARNING: [Board 49-26] cannot add Board Part xilinx.com:vek280_es_revb:part0:1.0 available at C:/Xilinx/Vivado/2023.1/data/xhub/boards/XilinxBoardStore/boards/Xilinx/vek280/es/rev_b/1.0/board.xml as part xcve2802-vsvh1760-2mp-e-s-es1 specified in board_part file is either invalid or not available
WARNING: [Board 49-26] cannot add Board Part xilinx.com:vek280_es_revb:part0:1.1 available at C:/Xilinx/Vivado/2023.1/data/xhub/boards/XilinxBoardStore/boards/Xilinx/vek280/es/rev_b/1.1/board.xml as part xcve2802-vsvh1760-2mp-e-s-es1 specified in board_part file is either invalid or not available
WARNING: [Board 49-26] cannot add Board Part xilinx.com:vhk158_es:part0:1.0 available at C:/Xilinx/Vivado/2023.1/data/xhub/boards/XilinxBoardStore/boards/Xilinx/vhk158/es/1.0/board.xml as part xcvh1582-vsva3697-2mp-e-s-es1 specified in board_part file is either invalid or not available
WARNING: [Board 49-26] cannot add Board Part xilinx.com:vhk158_es:part0:1.1 available at C:/Xilinx/Vivado/2023.1/data/xhub/boards/XilinxBoardStore/boards/Xilinx/vhk158/es/1.1/board.xml as part xcvh1582-vsva3697-2mp-e-s-es1 specified in board_part file is either invalid or not available
WARNING: [Board 49-26] cannot add Board Part xilinx.com:vpk120_es:part0:1.2 available at C:/Xilinx/Vivado/2023.1/data/xhub/boards/XilinxBoardStore/boards/Xilinx/vpk120/es/1.2/board.xml as part xcvp1202-vsva2785-2mp-e-s-es1 specified in board_part file is either invalid or not available
WARNING: [Board 49-26] cannot add Board Part xilinx.com:vpk120_es:part0:1.3 available at C:/Xilinx/Vivado/2023.1/data/xhub/boards/XilinxBoardStore/boards/Xilinx/vpk120/es/1.3/board.xml as part xcvp1202-vsva2785-2mp-e-s-es1 specified in board_part file is either invalid or not available
WARNING: [Board 49-26] cannot add Board Part xilinx.com:vpk120_es_revb:part0:1.0 available at C:/Xilinx/Vivado/2023.1/data/xhub/boards/XilinxBoardStore/boards/Xilinx/vpk120_revb/es/1.0/board.xml as part xcvp1202-vsva2785-2mp-e-s-es1 specified in board_part file is either invalid or not available
WARNING: [Board 49-26] cannot add Board Part xilinx.com:vpk120_es_revb:part0:1.1 available at C:/Xilinx/Vivado/2023.1/data/xhub/boards/XilinxBoardStore/boards/Xilinx/vpk120_revb/es/1.1/board.xml as part xcvp1202-vsva2785-2mp-e-s-es1 specified in board_part file is either invalid or not available
WARNING: [Board 49-26] cannot add Board Part xilinx.com:vpk180_es:part0:1.0 available at C:/Xilinx/Vivado/2023.1/data/xhub/boards/XilinxBoardStore/boards/Xilinx/vpk180/es/1.0/board.xml as part xcvp1802-lsvc4072-2mp-e-s-es1 specified in board_part file is either invalid or not available
WARNING: [Board 49-26] cannot add Board Part xilinx.com:vpk180_es:part0:1.1 available at C:/Xilinx/Vivado/2023.1/data/xhub/boards/XilinxBoardStore/boards/Xilinx/vpk180/es/1.1/board.xml as part xcvp1802-lsvc4072-2mp-e-s-es1 specified in board_part file is either invalid or not available
WARNING: [Board 49-26] cannot add Board Part xilinx.com:zcu208ld:part0:2.0 available at C:/Xilinx/Vivado/2023.1/data/xhub/boards/XilinxBoardStore/boards/Xilinx/zcu208ld/production/2.0/board.xml as part xczu58dr-fsvg1517-2-i specified in board_part file is either invalid or not available
WARNING: [Board 49-26] cannot add Board Part xilinx.com:zcu216ld:part0:2.0 available at C:/Xilinx/Vivado/2023.1/data/xhub/boards/XilinxBoardStore/boards/Xilinx/zcu216ld/production/2.0/board.xml as part xczu59dr-ffvf1760-2-i specified in board_part file is either invalid or not available
WARNING: [Board 49-26] cannot add Board Part xilinx.com:zcu670:part0:2.0 available at C:/Xilinx/Vivado/2023.1/data/xhub/boards/XilinxBoardStore/boards/Xilinx/zcu670/2.0/board.xml as part xczu67dr-fsve1156-2-i specified in board_part file is either invalid or not available
WARNING: [Board 49-26] cannot add Board Part xilinx.com:zcu670ld:part0:1.0 available at C:/Xilinx/Vivado/2023.1/data/xhub/boards/XilinxBoardStore/boards/Xilinx/zcu670ld/1.0/board.xml as part xczu57dr-fsve1156-2-i specified in board_part file is either invalid or not available
INFO: [filemgmt 56-3] Default IP Output Path : Could not find the directory 'C:/Users/kc10b/Vivado/ECE520L/lab5/spi_shift_reg/spi_shift_reg.gen/sources_1'.
Scanning sources...
Finished scanning sources
INFO: [IP_Flow 19-234] Refreshing IP repositories
INFO: [IP_Flow 19-1704] No user IP repositories specified
INFO: [IP_Flow 19-2313] Loaded Vivado IP repository 'C:/Xilinx/Vivado/2023.1/data/ip'.
open_project: Time (s): cpu = 00:00:23 ; elapsed = 00:00:11 . Memory (MB): peak = 2563.477 ; gain = 431.266
update_compile_order -fileset sources_1
launch_simulation
Command: launch_simulation 
INFO: [Vivado 12-12493] Simulation top is 'tb_spi_shift_reg'
WARNING: [Vivado 12-13340] Unable to auto find GCC executables from simulator install path! (path not set)
INFO: [Vivado 12-5682] Launching behavioral simulation in 'C:/Users/kc10b/Vivado/ECE520L/lab5/spi_shift_reg/spi_shift_reg.sim/sim_1/behav/xsim'
INFO: [SIM-utils-51] Simulation object is 'sim_1'
INFO: [SIM-utils-72] Using boost library from 'C:/Xilinx/Vivado/2023.1/tps/boost_1_72_0'
INFO: [SIM-utils-54] Inspecting design source files for 'tb_spi_shift_reg' in fileset 'sim_1'...
INFO: [USF-XSim-97] Finding global include files...
INFO: [USF-XSim-98] Fetching design files from 'sim_1'...
INFO: [USF-XSim-2] XSim::Compile design
INFO: [USF-XSim-61] Executing 'COMPILE and ANALYZE' step in 'C:/Users/kc10b/Vivado/ECE520L/lab5/spi_shift_reg/spi_shift_reg.sim/sim_1/behav/xsim'
"xvlog --incr --relax -prj tb_spi_shift_reg_vlog.prj"
INFO: [VRFC 10-2263] Analyzing Verilog file "C:/Users/kc10b/Vivado/ECE520L/lab5/spi_shift_reg/spi_shift_reg.srcs/sources_1/new/spi_shift_reg.v" into library xil_defaultlib
INFO: [VRFC 10-311] analyzing module spi_shift_reg
INFO: [VRFC 10-2263] Analyzing Verilog file "C:/Users/kc10b/Vivado/ECE520L/lab5/spi_shift_reg/spi_shift_reg.srcs/sim_1/new/tb_spi_shift_reg.v" into library xil_defaultlib
INFO: [VRFC 10-311] analyzing module tb_spi_shift_reg
INFO: [USF-XSim-69] 'compile' step finished in '2' seconds
INFO: [USF-XSim-3] XSim::Elaborate design
INFO: [USF-XSim-61] Executing 'ELABORATE' step in 'C:/Users/kc10b/Vivado/ECE520L/lab5/spi_shift_reg/spi_shift_reg.sim/sim_1/behav/xsim'
"xelab --incr --debug typical --relax --mt 2 -L xil_defaultlib -L unisims_ver -L unimacro_ver -L secureip --snapshot tb_spi_shift_reg_behav xil_defaultlib.tb_spi_shift_reg xil_defaultlib.glbl -log elaborate.log"
Vivado Simulator v2023.1
Copyright 1986-2022 Xilinx, Inc. All Rights Reserved.
Copyright 2022-2023 Advanced Micro Devices, Inc. All Rights Reserved.
Running: C:/Xilinx/Vivado/2023.1/bin/unwrapped/win64.o/xelab.exe --incr --debug typical --relax --mt 2 -L xil_defaultlib -L unisims_ver -L unimacro_ver -L secureip --snapshot tb_spi_shift_reg_behav xil_defaultlib.tb_spi_shift_reg xil_defaultlib.glbl -log elaborate.log 
Using 2 slave threads.
Starting static elaboration
Pass Through NonSizing Optimizer
Completed static elaboration
Starting simulation data flow analysis
Completed simulation data flow analysis
Time Resolution for simulation is 1ps
Compiling module xil_defaultlib.spi_shift_reg
Compiling module xil_defaultlib.tb_spi_shift_reg
Compiling module xil_defaultlib.glbl
Built simulation snapshot tb_spi_shift_reg_behav
INFO: [USF-XSim-69] 'elaborate' step finished in '1' seconds
INFO: [USF-XSim-4] XSim::Simulate design
INFO: [USF-XSim-61] Executing 'SIMULATE' step in 'C:/Users/kc10b/Vivado/ECE520L/lab5/spi_shift_reg/spi_shift_reg.sim/sim_1/behav/xsim'
INFO: [USF-XSim-98] *** Running xsim
   with args "tb_spi_shift_reg_behav -key {Behavioral:sim_1:Functional:tb_spi_shift_reg} -tclbatch {tb_spi_shift_reg.tcl} -log {simulate.log}"
INFO: [USF-XSim-8] Loading simulator feature
Time resolution is 1 ps
source tb_spi_shift_reg.tcl
# set curr_wave [current_wave_config]
# if { [string length $curr_wave] == 0 } {
#   if { [llength [get_objects]] > 0} {
#     add_wave /
#     set_property needs_save false [current_wave_config]
#   } else {
#      send_msg_id Add_Wave-1 WARNING "No top level signals found. Simulator will start without a wave window. If you want to open a wave window go to 'File->New Waveform Configuration' or type 'create_wave_config' in the TCL console."
#   }
# }
# run 1000ns
time	reset	load	fall_en	rise_en	miso	mosi	rx_data
0	0	0	0	0	0	x	xxxx
10000	0	0	0	0	0	0	0000
50000	1	0	0	0	0	0	0000
70000	1	1	0	0	0	1	0000
90000	1	0	0	0	0	1	0000
110000	1	0	1	0	0	0	0000
130000	1	0	0	0	0	0	0000
150000	1	0	0	1	0	0	0000
170000	1	0	0	0	0	0	0000
190000	1	0	1	0	0	1	0000
210000	1	0	0	0	0	1	0000
230000	1	0	0	1	0	1	0000
250000	1	0	0	0	0	1	0000
270000	1	0	1	0	0	0	0000
290000	1	0	0	0	1	0	0000
310000	1	0	0	1	1	0	0000
330000	1	0	0	0	1	0	0000
350000	1	0	1	0	1	0	0000
370000	1	0	0	0	1	0	0000
390000	1	0	0	1	1	0	0000
410000	1	0	0	0	1	0	0000
430000	1	0	1	0	1	1	0000
450000	1	0	0	0	1	1	0000
470000	1	0	0	1	1	1	0000
490000	1	0	0	0	1	1	0000
510000	1	0	1	0	1	0	0000
530000	1	0	0	0	1	0	0000
550000	1	0	0	1	1	0	0000
570000	1	0	0	0	1	0	0000
590000	1	0	1	0	1	1	0000
610000	1	0	0	0	0	1	0000
630000	1	0	0	1	0	1	0000
650000	1	0	0	0	0	1	0000
670000	1	0	1	0	0	1	0000
690000	1	0	0	0	1	1	0000
710000	1	0	0	1	1	1	0000
730000	1	0	0	0	1	1	0000
750000	1	0	1	0	1	1	0000
770000	1	0	0	0	1	1	0000
790000	1	0	0	1	1	1	0000
810000	1	0	0	0	1	1	0000
830000	1	0	1	0	1	0	0000
850000	1	0	0	0	0	0	0000
870000	1	0	0	1	0	0	0000
890000	1	0	0	0	0	0	0000
910000	1	0	1	0	0	0	0000
930000	1	0	0	0	0	0	0000
950000	1	0	0	1	0	0	0000
970000	1	0	0	0	0	0	0000
990000	1	0	1	0	0	0	0000
INFO: [USF-XSim-96] XSim completed. Design snapshot 'tb_spi_shift_reg_behav' loaded.
INFO: [USF-XSim-97] XSim simulation ran for 1000ns
launch_simulation: Time (s): cpu = 00:00:06 ; elapsed = 00:00:07 . Memory (MB): peak = 2618.867 ; gain = 38.469
run 1 us
1010000	1	0	0	0	1	0	0000
1030000	1	0	0	1	1	0	0000
1050000	1	0	0	0	1	0	0000
1070000	1	0	1	0	1	0	0000
1090000	1	0	0	0	0	0	0000
1110000	1	0	0	1	0	0	0000
1130000	1	0	0	0	0	0	0000
1150000	1	0	1	0	0	1	0000
1170000	1	0	0	0	0	1	0000
1190000	1	0	0	1	0	1	0000
1210000	1	0	0	0	0	1	0000
1230000	1	0	1	0	0	1	0000
1250000	1	0	0	0	1	1	0000
1270000	1	0	0	1	1	1	0000
1290000	1	0	0	0	1	1	0000
1310000	1	0	1	0	1	0	0000
1330000	1	0	0	0	0	0	0000
1350000	1	0	0	1	0	0	0000
1370000	1	0	0	0	0	0	0000
1390000	1	0	0	0	0	0	3d92
--------------------------------------------------
TX data sent     = 0xa5c3
Expected RX data = 0x3d92
Actual RX data   = 0x3d92
--------------------------------------------------
TEST PASSED
$finish called at time : 1430 ns : File "C:/Users/kc10b/Vivado/ECE520L/lab5/spi_shift_reg/spi_shift_reg.srcs/sim_1/new/tb_spi_shift_reg.v" Line 109
close_sim
INFO: [Simtcl 6-16] Simulation closed
exit
INFO: [Common 17-206] Exiting Vivado at Mon May 11 19:43:24 2026...
